Change Component Footprint: Designator=SW1 Old Footprint=FP-JS202011SCQN-MFG New Footprint=FP-JS202011SCQN-MFG
Added Pin To Net: NetName=3V3 Pin=P1-3
Added Pin To Net: NetName=GND Pin=P1-4
Added Pin To Net: NetName=3V3 Pin=R6-1
Added Pin To Net: NetName=3V3 Pin=R7-2
Added Pin To Net: NetName=3V3 Pin=R8-2
Added Pin To Net: NetName=3V3 Pin=SW1-1
Added Pin To Net: NetName=GND Pin=SW1-3
Added Pin To Net: NetName=3V3 Pin=U4-1
Added Pin To Net: NetName=3V3 Pin=U4-5
Added Pin To Net: NetName=RX_GPS Pin=U4-8
Added Pin To Net: NetName=TX_GPS Pin=U4-9
Added Pin To Net: NetName=RST_LORA Pin=U4-10
Added Pin To Net: NetName=EXTINT Pin=U4-11
Added Pin To Net: NetName=GND Pin=U4-16
Added Pin To Net: NetName=3V3 Pin=U4-17
Added Pin To Net: NetName=RX_LORAWAN Pin=U4-24
Added Pin To Net: NetName=TX_LORAWAN Pin=U4-25
Added Pin To Net: NetName=GND Pin=U4-32
Added Pin To Net: NetName=3V3 Pin=U5-2
Added Pin To Net: NetName=GND Pin=U5-3
Added Pin To Net: NetName=GND Pin=U5-6
Added Pin To Net: NetName=GND Pin=U5-7
Added Pin To Net: NetName=GND Pin=U5-8
Added Pin To Net: NetName=3V3 Pin=U5-9
Added Pin To Net: NetName=3V3 Pin=U5-10
Added Member To Class: ClassName=MCU_and_Acc Member=Component P1 61300411121
Added Member To Class: ClassName=MCU_and_Acc Member=Component R6 10 kO
Added Member To Class: ClassName=MCU_and_Acc Member=Component R7 10 kO
Added Member To Class: ClassName=MCU_and_Acc Member=Component R8 10 kO
Added Member To Class: ClassName=MCU_and_Acc Member=Component SW1 JS202011SCQN
Added Member To Class: ClassName=MCU_and_Acc Member=Component U4 STM32L011K4T6
Added Member To Class: ClassName=MCU_and_Acc Member=Component U5 LIS2DW12TR
